C:\Users\ryoun_000\Desktop>md GitHubRepoAssignment

C:\Users\ryoun_000\Desktop>cd githubrepoassignment

C:\Users\ryoun_000\Desktop\GitHubRepoAssignment>git init
Initialized empty Git repository in C:/Users/ryoun_000/Desktop/GitHubRepoAssignment/.git/

C:\Users\ryoun_000\Desktop\GitHubRepoAssignment>copy nul readme.md
        1 file(s) copied.

C:\Users\ryoun_000\Desktop\GitHubRepoAssignment>git status
On branch master

No commits yet

Untracked files:
  (use "git add <file>..." to include in what will be committed)

        readme.md

nothing added to commit but untracked files present (use "git add" to track)

C:\Users\ryoun_000\Desktop\GitHubRepoAssignment>git add readme.md

C:\Users\ryoun_000\Desktop\GitHubRepoAssignment>git commit -m "made readme file and edited contents"
[master (root-commit) 6a891cd] made readme file and edited contents
 1 file changed, 1 insertion(+)
 create mode 100644 readme.md

C:\Users\ryoun_000\Desktop\GitHubRepoAssignment>git remote add origin https://github.com/redyoshi33/GitHubRepoAssignment

C:\Users\ryoun_000\Desktop\GitHubRepoAssignment>git push origin master
Counting objects: 3, done.
Writing objects: 100% (3/3), 267 bytes | 267.00 KiB/s, done.
Total 3 (delta 0), reused 0 (delta 0)
To https://github.com/redyoshi33/GitHubRepoAssignment
 * [new branch]      master -> master

C:\Users\ryoun_000\Desktop\GitHubRepoAssignment>copy nul GitHubRepoAssignment.txt
